python : 2026-03-02 18:19:18.986 | INFO     | 
docusense.embeddings.embedding_generator:__init__:147 - Initializing 
EmbeddingGenerator...
At line:1 char:61
+ ... s1; $env:PYTHONIOENCODING='utf-8'; python test_phase2.py 2>&1 | Out-F ...
+                                        ~~~~~~~~~~~~~~~~~~~~~~~~~~
    + CategoryInfo          : NotSpecified: (2026-03-02 18:1...ingGenerator... 
   :String) [], RemoteException
    + FullyQualifiedErrorId : NativeCommandError
 
2026-03-02 18:19:18.986 | INFO     | 
docusense.embeddings.embedding_generator:__init__:148 -   Model: 
all-MiniLM-L6-v2
2026-03-02 18:19:18.986 | INFO     | 
docusense.embeddings.embedding_generator:__init__:149 -   Device: cpu
2026-03-02 18:19:18.986 | INFO     | 
docusense.embeddings.embedding_generator:__init__:150 -   Batch size: 32
2026-03-02 18:19:18.986 | INFO     | 
docusense.embeddings.embedding_generator:__init__:151 -   Normalize: True
2026-03-02 18:19:18.986 | INFO     | 
docusense.embeddings.embedding_generator:__init__:155 - Loading embedding 
model: all-MiniLM-L6-v2...

================================================================================
  TEST 1: Embedding Generation - Single Text
================================================================================


Loading weights:   0%|          | 0/103 [00:00<?, ?it/s]
Loading weights:   1%|          | 1/103 [00:00<00:00, 16008.79it/s, 
Materializing param=embeddings.LayerNorm.bias]
Loading weights:   1%|          | 1/103 [00:00<00:00, 7463.17it/s, 
Materializing param=embeddings.LayerNorm.bias] 
Loading weights:   2%|ΓûÅ         | 2/103 [00:00<00:00, 3389.34it/s, 
Materializing param=embeddings.LayerNorm.weight]
Loading weights:   2%|ΓûÅ         | 2/103 [00:00<00:00, 2397.43it/s, 
Materializing param=embeddings.LayerNorm.weight]
Loading weights:   3%|ΓûÄ         | 3/103 [00:00<00:00, 1659.58it/s, 
Materializing param=embeddings.position_embeddings.weight]
Loading weights:   3%|ΓûÄ         | 3/103 [00:00<00:00, 1095.02it/s, 
Materializing param=embeddings.position_embeddings.weight]
Loading weights:   4%|Γûì         | 4/103 [00:00<00:00, 1385.63it/s, 
Materializing param=embeddings.token_type_embeddings.weight]
Loading weights:   4%|Γûì         | 4/103 [00:00<00:00, 1339.61it/s, 
Materializing param=embeddings.token_type_embeddings.weight]
Loading weights:   5%|Γûì         | 5/103 [00:00<00:00, 1610.84it/s, 
Materializing param=embeddings.word_embeddings.weight]      
Loading weights:   5%|Γûì         | 5/103 [00:00<00:00, 1589.23it/s, 
Materializing param=embeddings.word_embeddings.weight]
Loading weights:   6%|Γûî         | 6/103 [00:00<00:00, 1615.16it/s, 
Materializing param=encoder.layer.0.attention.output.LayerNorm.bias]
Loading weights:   6%|Γûî         | 6/103 [00:00<00:00, 1592.87it/s, 
Materializing param=encoder.layer.0.attention.output.LayerNorm.bias]
Loading weights:   7%|Γûï         | 7/103 [00:00<00:00, 1654.18it/s, 
Materializing param=encoder.layer.0.attention.output.LayerNorm.weight]
Loading weights:   7%|Γûï         | 7/103 [00:00<00:00, 1465.30it/s, 
Materializing param=encoder.layer.0.attention.output.LayerNorm.weight]
Loading weights:   8%|Γûè         | 8/103 [00:00<00:00, 1611.10it/s, 
Materializing param=encoder.layer.0.attention.output.dense.bias]      
Loading weights:   8%|Γûè         | 8/103 [00:00<00:00, 1436.84it/s, 
Materializing param=encoder.layer.0.attention.output.dense.bias]
Loading weights:   9%|Γûè         | 9/103 [00:00<00:00, 1583.09it/s, 
Materializing param=encoder.layer.0.attention.output.dense.weight]
Loading weights:   9%|Γûè         | 9/103 [00:00<00:00, 1571.10it/s, 
Materializing param=encoder.layer.0.attention.output.dense.weight]
Loading weights:  10%|Γûë         | 10/103 [00:00<00:00, 1723.29it/s, 
Materializing param=encoder.layer.0.attention.self.key.bias]     
Loading weights:  10%|Γûë         | 10/103 [00:00<00:00, 1712.52it/s, 
Materializing param=encoder.layer.0.attention.self.key.bias]
Loading weights:  11%|Γûê         | 11/103 [00:00<00:00, 1861.20it/s, 
Materializing param=encoder.layer.0.attention.self.key.weight]
Loading weights:  11%|Γûê         | 11/103 [00:00<00:00, 1851.27it/s, 
Materializing param=encoder.layer.0.attention.self.key.weight]
Loading weights:  12%|ΓûêΓûÅ        | 12/103 [00:00<00:00, 1814.21it/s, 
Materializing param=encoder.layer.0.attention.self.query.bias]
Loading weights:  12%|ΓûêΓûÅ        | 12/103 [00:00<00:00, 1758.80it/s, 
Materializing param=encoder.layer.0.attention.self.query.bias]
Loading weights:  13%|ΓûêΓûÄ        | 13/103 [00:00<00:00, 1770.61it/s, 
Materializing param=encoder.layer.0.attention.self.query.weight]
Loading weights:  13%|ΓûêΓûÄ        | 13/103 [00:00<00:00, 1714.71it/s, 
Materializing param=encoder.layer.0.attention.self.query.weight]
Loading weights:  14%|ΓûêΓûÄ        | 14/103 [00:00<00:00, 1738.78it/s, 
Materializing param=encoder.layer.0.attention.self.value.bias]  
Loading weights:  14%|ΓûêΓûÄ        | 14/103 [00:00<00:00, 1727.17it/s, 
Materializing param=encoder.layer.0.attention.self.value.bias]
Loading weights:  15%|ΓûêΓûì        | 15/103 [00:00<00:00, 1621.89it/s, 
Materializing param=encoder.layer.0.attention.self.value.weight]
Loading weights:  15%|ΓûêΓûì        | 15/103 [00:00<00:00, 1613.03it/s, 
Materializing param=encoder.layer.0.attention.self.value.weight]
Loading weights:  16%|ΓûêΓûî        | 16/103 [00:00<00:00, 1705.52it/s, 
Materializing param=encoder.layer.0.intermediate.dense.bias]    
Loading weights:  16%|ΓûêΓûî        | 16/103 [00:00<00:00, 1699.30it/s, 
Materializing param=encoder.layer.0.intermediate.dense.bias]
Loading weights:  17%|ΓûêΓûï        | 17/103 [00:00<00:00, 1792.44it/s, 
Materializing param=encoder.layer.0.intermediate.dense.weight]
Loading weights:  17%|ΓûêΓûï        | 17/103 [00:00<00:00, 1786.51it/s, 
Materializing param=encoder.layer.0.intermediate.dense.weight]
Loading weights:  17%|ΓûêΓûï        | 18/103 [00:00<00:00, 1879.07it/s, 
Materializing param=encoder.layer.0.output.LayerNorm.bias]    
Loading weights:  17%|ΓûêΓûï        | 18/103 [00:00<00:00, 1873.29it/s, 
Materializing param=encoder.layer.0.output.LayerNorm.bias]
Loading weights:  18%|ΓûêΓûè        | 19/103 [00:00<00:00, 1963.67it/s, 
Materializing param=encoder.layer.0.output.LayerNorm.weight]
Loading weights:  18%|ΓûêΓûè        | 19/103 [00:00<00:00, 1957.55it/s, 
Materializing param=encoder.layer.0.output.LayerNorm.weight]
Loading weights:  19%|ΓûêΓûë        | 20/103 [00:00<00:00, 2047.05it/s, 
Materializing param=encoder.layer.0.output.dense.bias]      
Loading weights:  19%|ΓûêΓûë        | 20/103 [00:00<00:00, 2040.97it/s, 
Materializing param=encoder.layer.0.output.dense.bias]
Loading weights:  20%|ΓûêΓûê        | 21/103 [00:00<00:00, 2105.57it/s, 
Materializing param=encoder.layer.0.output.dense.weight]
Loading weights:  20%|ΓûêΓûê        | 21/103 [00:00<00:00, 2093.36it/s, 
Materializing param=encoder.layer.0.output.dense.weight]
Loading weights:  21%|ΓûêΓûêΓûÅ       | 22/103 [00:00<00:00, 2167.96it/s, 
Materializing param=encoder.layer.1.attention.output.LayerNorm.bias]
Loading weights:  21%|ΓûêΓûêΓûÅ       | 22/103 [00:00<00:00, 1940.99it/s, 
Materializing param=encoder.layer.1.attention.output.LayerNorm.bias]
Loading weights:  22%|ΓûêΓûêΓûÅ       | 23/103 [00:00<00:00, 1921.77it/s, 
Materializing param=encoder.layer.1.attention.output.LayerNorm.weight]
Loading weights:  22%|ΓûêΓûêΓûÅ       | 23/103 [00:00<00:00, 1822.34it/s, 
Materializing param=encoder.layer.1.attention.output.LayerNorm.weight]
Loading weights:  23%|ΓûêΓûêΓûÄ       | 24/103 [00:00<00:00, 1884.80it/s, 
Materializing param=encoder.layer.1.attention.output.dense.bias]      
Loading weights:  23%|ΓûêΓûêΓûÄ       | 24/103 [00:00<00:00, 1879.48it/s, 
Materializing param=encoder.layer.1.attention.output.dense.bias]
Loading weights:  24%|ΓûêΓûêΓûì       | 25/103 [00:00<00:00, 1946.89it/s, 
Materializing param=encoder.layer.1.attention.output.dense.weight]
Loading weights:  24%|ΓûêΓûêΓûì       | 25/103 [00:00<00:00, 1942.27it/s, 
Materializing param=encoder.layer.1.attention.output.dense.weight]
Loading weights:  25%|ΓûêΓûêΓûî       | 26/103 [00:00<00:00, 1994.04it/s, 
Materializing param=encoder.layer.1.attention.self.key.bias]      
Loading weights:  25%|ΓûêΓûêΓûî       | 26/103 [00:00<00:00, 1977.58it/s, 
Materializing param=encoder.layer.1.attention.self.key.bias]
Loading weights:  26%|ΓûêΓûêΓûî       | 27/103 [00:00<00:00, 1873.11it/s, 
Materializing param=encoder.layer.1.attention.self.key.weight]
Loading weights:  26%|ΓûêΓûêΓûî       | 27/103 [00:00<00:00, 1866.81it/s, 
Materializing param=encoder.layer.1.attention.self.key.weight]
Loading weights:  27%|ΓûêΓûêΓûï       | 28/103 [00:00<00:00, 1925.38it/s, 
Materializing param=encoder.layer.1.attention.self.query.bias]
Loading weights:  27%|ΓûêΓûêΓûï       | 28/103 [00:00<00:00, 1920.97it/s, 
Materializing param=encoder.layer.1.attention.self.query.bias]
Loading weights:  28%|ΓûêΓûêΓûè       | 29/103 [00:00<00:00, 1980.06it/s, 
Materializing param=encoder.layer.1.attention.self.query.weight]
Loading weights:  28%|ΓûêΓûêΓûè       | 29/103 [00:00<00:00, 1975.52it/s, 
Materializing param=encoder.layer.1.attention.self.query.weight]
Loading weights:  29%|ΓûêΓûêΓûë       | 30/103 [00:00<00:00, 2034.03it/s, 
Materializing param=encoder.layer.1.attention.self.value.bias]  
Loading weights:  29%|ΓûêΓûêΓûë       | 30/103 [00:00<00:00, 2029.70it/s, 
Materializing param=encoder.layer.1.attention.self.value.bias]
Loading weights:  30%|ΓûêΓûêΓûê       | 31/103 [00:00<00:00, 2080.71it/s, 
Materializing param=encoder.layer.1.attention.self.value.weight]
Loading weights:  30%|ΓûêΓûêΓûê       | 31/103 [00:00<00:00, 2072.88it/s, 
Materializing param=encoder.layer.1.attention.self.value.weight]
Loading weights:  31%|ΓûêΓûêΓûê       | 32/103 [00:00<00:00, 1980.55it/s, 
Materializing param=encoder.layer.1.intermediate.dense.bias]    
Loading weights:  31%|ΓûêΓûêΓûê       | 32/103 [00:00<00:00, 1965.35it/s, 
Materializing param=encoder.layer.1.intermediate.dense.bias]
Loading weights:  32%|ΓûêΓûêΓûêΓûÅ      | 33/103 [00:00<00:00, 1989.91it/s, 
Materializing param=encoder.layer.1.intermediate.dense.weight]
Loading weights:  32%|ΓûêΓûêΓûêΓûÅ      | 33/103 [00:00<00:00, 1980.68it/s, 
Materializing param=encoder.layer.1.intermediate.dense.weight]
Loading weights:  33%|ΓûêΓûêΓûêΓûÄ      | 34/103 [00:00<00:00, 2014.73it/s, 
Materializing param=encoder.layer.1.output.LayerNorm.bias]    
Loading weights:  33%|ΓûêΓûêΓûêΓûÄ      | 34/103 [00:00<00:00, 2007.80it/s, 
Materializing param=encoder.layer.1.output.LayerNorm.bias]
Loading weights:  34%|ΓûêΓûêΓûêΓûì      | 35/103 [00:00<00:00, 2054.05it/s, 
Materializing param=encoder.layer.1.output.LayerNorm.weight]
Loading weights:  34%|ΓûêΓûêΓûêΓûì      | 35/103 [00:00<00:00, 2049.80it/s, 
Materializing param=encoder.layer.1.output.LayerNorm.weight]
Loading weights:  35%|ΓûêΓûêΓûêΓûì      | 36/103 [00:00<00:00, 1945.51it/s, 
Materializing param=encoder.layer.1.output.dense.bias]      
Loading weights:  35%|ΓûêΓûêΓûêΓûì      | 36/103 [00:00<00:00, 1922.65it/s, 
Materializing param=encoder.layer.1.output.dense.bias]
Loading weights:  36%|ΓûêΓûêΓûêΓûî      | 37/103 [00:00<00:00, 1952.29it/s, 
Materializing param=encoder.layer.1.output.dense.weight]
Loading weights:  36%|ΓûêΓûêΓûêΓûî      | 37/103 [00:00<00:00, 1944.87it/s, 
Materializing param=encoder.layer.1.output.dense.weight]
Loading weights:  37%|ΓûêΓûêΓûêΓûï      | 38/103 [00:00<00:00, 1934.85it/s, 
Materializing param=encoder.layer.2.attention.output.LayerNorm.bias]
Loading weights:  37%|ΓûêΓûêΓûêΓûï      | 38/103 [00:00<00:00, 1929.91it/s, 
Materializing param=encoder.layer.2.attention.output.LayerNorm.bias]
Loading weights:  38%|ΓûêΓûêΓûêΓûè      | 39/103 [00:00<00:00, 1923.74it/s, 
Materializing param=encoder.layer.2.attention.output.LayerNorm.weight]
Loading weights:  38%|ΓûêΓûêΓûêΓûè      | 39/103 [00:00<00:00, 1915.39it/s, 
Materializing param=encoder.layer.2.attention.output.LayerNorm.weight]
Loading weights:  39%|ΓûêΓûêΓûêΓûë      | 40/103 [00:00<00:00, 1952.97it/s, 
Materializing param=encoder.layer.2.attention.output.dense.bias]      
Loading weights:  39%|ΓûêΓûêΓûêΓûë      | 40/103 [00:00<00:00, 1949.18it/s, 
Materializing param=encoder.layer.2.attention.output.dense.bias]
Loading weights:  40%|ΓûêΓûêΓûêΓûë      | 41/103 [00:00<00:00, 1985.39it/s, 
Materializing param=encoder.layer.2.attention.output.dense.weight]
Loading weights:  40%|ΓûêΓûêΓûêΓûë      | 41/103 [00:00<00:00, 1945.70it/s, 
Materializing param=encoder.layer.2.attention.output.dense.weight]
Loading weights:  41%|ΓûêΓûêΓûêΓûê      | 42/103 [00:00<00:00, 1976.80it/s, 
Materializing param=encoder.layer.2.attention.self.key.bias]      
Loading weights:  41%|ΓûêΓûêΓûêΓûê      | 42/103 [00:00<00:00, 1944.38it/s, 
Materializing param=encoder.layer.2.attention.self.key.bias]
Loading weights:  42%|ΓûêΓûêΓûêΓûêΓûÅ     | 43/103 [00:00<00:00, 1933.29it/s, 
Materializing param=encoder.layer.2.attention.self.key.weight]
Loading weights:  42%|ΓûêΓûêΓûêΓûêΓûÅ     | 43/103 [00:00<00:00, 1925.45it/s, 
Materializing param=encoder.layer.2.attention.self.key.weight]
Loading weights:  43%|ΓûêΓûêΓûêΓûêΓûÄ     | 44/103 [00:00<00:00, 1956.92it/s, 
Materializing param=encoder.layer.2.attention.self.query.bias]
Loading weights:  43%|ΓûêΓûêΓûêΓûêΓûÄ     | 44/103 [00:00<00:00, 1952.02it/s, 
Materializing param=encoder.layer.2.attention.self.query.bias]
Loading weights:  44%|ΓûêΓûêΓûêΓûêΓûÄ     | 45/103 [00:00<00:00, 1930.94it/s, 
Materializing param=encoder.layer.2.attention.self.query.weight]
Loading weights:  44%|ΓûêΓûêΓûêΓûêΓûÄ     | 45/103 [00:00<00:00, 1926.35it/s, 
Materializing param=encoder.layer.2.attention.self.query.weight]
Loading weights:  45%|ΓûêΓûêΓûêΓûêΓûì     | 46/103 [00:00<00:00, 1957.53it/s, 
Materializing param=encoder.layer.2.attention.self.value.bias]  
Loading weights:  45%|ΓûêΓûêΓûêΓûêΓûì     | 46/103 [00:00<00:00, 1948.28it/s, 
Materializing param=encoder.layer.2.attention.self.value.bias]
Loading weights:  46%|ΓûêΓûêΓûêΓûêΓûî     | 47/103 [00:00<00:00, 1958.24it/s, 
Materializing param=encoder.layer.2.attention.self.value.weight]
Loading weights:  46%|ΓûêΓûêΓûêΓûêΓûî     | 47/103 [00:00<00:00, 1953.80it/s, 
Materializing param=encoder.layer.2.attention.self.value.weight]
Loading weights:  47%|ΓûêΓûêΓûêΓûêΓûï     | 48/103 [00:00<00:00, 1984.67it/s, 
Materializing param=encoder.layer.2.intermediate.dense.bias]    
Loading weights:  47%|ΓûêΓûêΓûêΓûêΓûï     | 48/103 [00:00<00:00, 1981.72it/s, 
Materializing param=encoder.layer.2.intermediate.dense.bias]
Loading weights:  48%|ΓûêΓûêΓûêΓûêΓûè     | 49/103 [00:00<00:00, 2017.09it/s, 
Materializing param=encoder.layer.2.intermediate.dense.weight]
Loading weights:  48%|ΓûêΓûêΓûêΓûêΓûè     | 49/103 [00:00<00:00, 2014.50it/s, 
Materializing param=encoder.layer.2.intermediate.dense.weight]
Loading weights:  49%|ΓûêΓûêΓûêΓûêΓûè     | 50/103 [00:00<00:00, 2050.06it/s, 
Materializing param=encoder.layer.2.output.LayerNorm.bias]    
Loading weights:  49%|ΓûêΓûêΓûêΓûêΓûè     | 50/103 [00:00<00:00, 2047.60it/s, 
Materializing param=encoder.layer.2.output.LayerNorm.bias]
Loading weights:  50%|ΓûêΓûêΓûêΓûêΓûë     | 51/103 [00:00<00:00, 2021.98it/s, 
Materializing param=encoder.layer.2.output.LayerNorm.weight]
Loading weights:  50%|ΓûêΓûêΓûêΓûêΓûë     | 51/103 [00:00<00:00, 2016.63it/s, 
Materializing param=encoder.layer.2.output.LayerNorm.weight]
Loading weights:  50%|ΓûêΓûêΓûêΓûêΓûê     | 52/103 [00:00<00:00, 2046.12it/s, 
Materializing param=encoder.layer.2.output.dense.bias]      
Loading weights:  50%|ΓûêΓûêΓûêΓûêΓûê     | 52/103 [00:00<00:00, 2035.90it/s, 
Materializing param=encoder.layer.2.output.dense.bias]
Loading weights:  51%|ΓûêΓûêΓûêΓûêΓûêΓûÅ    | 53/103 [00:00<00:00, 
2060.24it/s, Materializing param=encoder.layer.2.output.dense.weight]
Loading weights:  51%|ΓûêΓûêΓûêΓûêΓûêΓûÅ    | 53/103 [00:00<00:00, 
2022.20it/s, Materializing param=encoder.layer.2.output.dense.weight]
Loading weights:  52%|ΓûêΓûêΓûêΓûêΓûêΓûÅ    | 54/103 [00:00<00:00, 
2047.65it/s, Materializing 
param=encoder.layer.3.attention.output.LayerNorm.bias]
Loading weights:  52%|ΓûêΓûêΓûêΓûêΓûêΓûÅ    | 54/103 [00:00<00:00, 
2022.72it/s, Materializing 
param=encoder.layer.3.attention.output.LayerNorm.bias]
Loading weights:  53%|ΓûêΓûêΓûêΓûêΓûêΓûÄ    | 55/103 [00:00<00:00, 
2042.36it/s, Materializing 
param=encoder.layer.3.attention.output.LayerNorm.weight]
Loading weights:  53%|ΓûêΓûêΓûêΓûêΓûêΓûÄ    | 55/103 [00:00<00:00, 
2038.44it/s, Materializing 
param=encoder.layer.3.attention.output.LayerNorm.weight]
Loading weights:  54%|ΓûêΓûêΓûêΓûêΓûêΓûì    | 56/103 [00:00<00:00, 
2070.20it/s, Materializing param=encoder.layer.3.attention.output.dense.bias]  
    
Loading weights:  54%|ΓûêΓûêΓûêΓûêΓûêΓûì    | 56/103 [00:00<00:00, 
2067.80it/s, Materializing param=encoder.layer.3.attention.output.dense.bias]
Loading weights:  55%|ΓûêΓûêΓûêΓûêΓûêΓûî    | 57/103 [00:00<00:00, 
2100.25it/s, Materializing param=encoder.layer.3.attention.output.dense.weight]
Loading weights:  55%|ΓûêΓûêΓûêΓûêΓûêΓûî    | 57/103 [00:00<00:00, 
2098.00it/s, Materializing param=encoder.layer.3.attention.output.dense.weight]
Loading weights:  56%|ΓûêΓûêΓûêΓûêΓûêΓûï    | 58/103 [00:00<00:00, 
2130.11it/s, Materializing param=encoder.layer.3.attention.self.key.bias]      
Loading weights:  56%|ΓûêΓûêΓûêΓûêΓûêΓûï    | 58/103 [00:00<00:00, 
2127.75it/s, Materializing param=encoder.layer.3.attention.self.key.bias]
Loading weights:  57%|ΓûêΓûêΓûêΓûêΓûêΓûï    | 59/103 [00:00<00:00, 
2159.84it/s, Materializing param=encoder.layer.3.attention.self.key.weight]
Loading weights:  57%|ΓûêΓûêΓûêΓûêΓûêΓûï    | 59/103 [00:00<00:00, 
2157.53it/s, Materializing param=encoder.layer.3.attention.self.key.weight]
Loading weights:  58%|ΓûêΓûêΓûêΓûêΓûêΓûè    | 60/103 [00:00<00:00, 
2189.78it/s, Materializing param=encoder.layer.3.attention.self.query.bias]
Loading weights:  58%|ΓûêΓûêΓûêΓûêΓûêΓûè    | 60/103 [00:00<00:00, 
2187.50it/s, Materializing param=encoder.layer.3.attention.self.query.bias]
Loading weights:  59%|ΓûêΓûêΓûêΓûêΓûêΓûë    | 61/103 [00:00<00:00, 
2219.27it/s, Materializing param=encoder.layer.3.attention.self.query.weight]
Loading weights:  59%|ΓûêΓûêΓûêΓûêΓûêΓûë    | 61/103 [00:00<00:00, 
2216.84it/s, Materializing param=encoder.layer.3.attention.self.query.weight]
Loading weights:  60%|ΓûêΓûêΓûêΓûêΓûêΓûê    | 62/103 [00:00<00:00, 
2248.72it/s, Materializing param=encoder.layer.3.attention.self.value.bias]  
Loading weights:  60%|ΓûêΓûêΓûêΓûêΓûêΓûê    | 62/103 [00:00<00:00, 
2246.33it/s, Materializing param=encoder.layer.3.attention.self.value.bias]
Loading weights:  61%|ΓûêΓûêΓûêΓûêΓûêΓûê    | 63/103 [00:00<00:00, 
2278.16it/s, Materializing param=encoder.layer.3.attention.self.value.weight]
Loading weights:  61%|ΓûêΓûêΓûêΓûêΓûêΓûê    | 63/103 [00:00<00:00, 
2275.63it/s, Materializing param=encoder.layer.3.attention.self.value.weight]
Loading weights:  62%|ΓûêΓûêΓûêΓûêΓûêΓûêΓûÅ   | 64/103 [00:00<00:00, 
2307.26it/s, Materializing param=encoder.layer.3.intermediate.dense.bias]    
Loading weights:  62%|ΓûêΓûêΓûêΓûêΓûêΓûêΓûÅ   | 64/103 [00:00<00:00, 
2304.82it/s, Materializing param=encoder.layer.3.intermediate.dense.bias]
Loading weights:  63%|ΓûêΓûêΓûêΓûêΓûêΓûêΓûÄ   | 65/103 [00:00<00:00, 
2336.34it/s, Materializing param=encoder.layer.3.intermediate.dense.weight]
Loading weights:  63%|ΓûêΓûêΓûêΓûêΓûêΓûêΓûÄ   | 65/103 [00:00<00:00, 
2333.98it/s, Materializing param=encoder.layer.3.intermediate.dense.weight]
Loading weights:  64%|ΓûêΓûêΓûêΓûêΓûêΓûêΓûì   | 66/103 [00:00<00:00, 
2365.53it/s, Materializing param=encoder.layer.3.output.LayerNorm.bias]    
Loading weights:  64%|ΓûêΓûêΓûêΓûêΓûêΓûêΓûì   | 66/103 [00:00<00:00, 
2363.23it/s, Materializing param=encoder.layer.3.output.LayerNorm.bias]
Loading weights:  65%|ΓûêΓûêΓûêΓûêΓûêΓûêΓûî   | 67/103 [00:00<00:00, 
2394.60it/s, Materializing param=encoder.layer.3.output.LayerNorm.weight]
Loading weights:  65%|ΓûêΓûêΓûêΓûêΓûêΓûêΓûî   | 67/103 [00:00<00:00, 
2392.13it/s, Materializing param=encoder.layer.3.output.LayerNorm.weight]
Loading weights:  66%|ΓûêΓûêΓûêΓûêΓûêΓûêΓûî   | 68/103 [00:00<00:00, 
2423.44it/s, Materializing param=encoder.layer.3.output.dense.bias]      
Loading weights:  66%|ΓûêΓûêΓûêΓûêΓûêΓûêΓûî   | 68/103 [00:00<00:00, 
2421.06it/s, Materializing param=encoder.layer.3.output.dense.bias]
Loading weights:  67%|ΓûêΓûêΓûêΓûêΓûêΓûêΓûï   | 69/103 [00:00<00:00, 
2452.12it/s, Materializing param=encoder.layer.3.output.dense.weight]
Loading weights:  67%|ΓûêΓûêΓûêΓûêΓûêΓûêΓûï   | 69/103 [00:00<00:00, 
2449.76it/s, Materializing param=encoder.layer.3.output.dense.weight]
Loading weights:  68%|ΓûêΓûêΓûêΓûêΓûêΓûêΓûè   | 70/103 [00:00<00:00, 
2480.73it/s, Materializing 
param=encoder.layer.4.attention.output.LayerNorm.bias]
Loading weights:  68%|ΓûêΓûêΓûêΓûêΓûêΓûêΓûè   | 70/103 [00:00<00:00, 
2478.17it/s, Materializing 
param=encoder.layer.4.attention.output.LayerNorm.bias]
Loading weights:  69%|ΓûêΓûêΓûêΓûêΓûêΓûêΓûë   | 71/103 [00:00<00:00, 
2508.66it/s, Materializing 
param=encoder.layer.4.attention.output.LayerNorm.weight]
Loading weights:  69%|ΓûêΓûêΓûêΓûêΓûêΓûêΓûë   | 71/103 [00:00<00:00, 
2506.02it/s, Materializing 
param=encoder.layer.4.attention.output.LayerNorm.weight]
Loading weights:  70%|ΓûêΓûêΓûêΓûêΓûêΓûêΓûë   | 72/103 [00:00<00:00, 
2536.17it/s, Materializing param=encoder.layer.4.attention.output.dense.bias]  
    
Loading weights:  70%|ΓûêΓûêΓûêΓûêΓûêΓûêΓûë   | 72/103 [00:00<00:00, 
2533.41it/s, Materializing param=encoder.layer.4.attention.output.dense.bias]
Loading weights:  71%|ΓûêΓûêΓûêΓûêΓûêΓûêΓûê   | 73/103 [00:00<00:00, 
2559.49it/s, Materializing param=encoder.layer.4.attention.output.dense.weight]
Loading weights:  71%|ΓûêΓûêΓûêΓûêΓûêΓûêΓûê   | 73/103 [00:00<00:00, 
2552.83it/s, Materializing param=encoder.layer.4.attention.output.dense.weight]
Loading weights:  72%|ΓûêΓûêΓûêΓûêΓûêΓûêΓûêΓûÅ  | 74/103 [00:00<00:00, 
2577.98it/s, Materializing param=encoder.layer.4.attention.self.key.bias]      
Loading weights:  72%|ΓûêΓûêΓûêΓûêΓûêΓûêΓûêΓûÅ  | 74/103 [00:00<00:00, 
2574.45it/s, Materializing param=encoder.layer.4.attention.self.key.bias]
Loading weights:  73%|ΓûêΓûêΓûêΓûêΓûêΓûêΓûêΓûÄ  | 75/103 [00:00<00:00, 
2598.42it/s, Materializing param=encoder.layer.4.attention.self.key.weight]
Loading weights:  73%|ΓûêΓûêΓûêΓûêΓûêΓûêΓûêΓûÄ  | 75/103 [00:00<00:00, 
2592.83it/s, Materializing param=encoder.layer.4.attention.self.key.weight]
Loading weights:  74%|ΓûêΓûêΓûêΓûêΓûêΓûêΓûêΓûì  | 76/103 [00:00<00:00, 
2619.85it/s, Materializing param=encoder.layer.4.attention.self.query.bias]
Loading weights:  74%|ΓûêΓûêΓûêΓûêΓûêΓûêΓûêΓûì  | 76/103 [00:00<00:00, 
2616.73it/s, Materializing param=encoder.layer.4.attention.self.query.bias]
Loading weights:  75%|ΓûêΓûêΓûêΓûêΓûêΓûêΓûêΓûì  | 77/103 [00:00<00:00, 
2645.36it/s, Materializing param=encoder.layer.4.attention.self.query.weight]
Loading weights:  75%|ΓûêΓûêΓûêΓûêΓûêΓûêΓûêΓûì  | 77/103 [00:00<00:00, 
2642.48it/s, Materializing param=encoder.layer.4.attention.self.query.weight]
Loading weights:  76%|ΓûêΓûêΓûêΓûêΓûêΓûêΓûêΓûî  | 78/103 [00:00<00:00, 
2671.71it/s, Materializing param=encoder.layer.4.attention.self.value.bias]  
Loading weights:  76%|ΓûêΓûêΓûêΓûêΓûêΓûêΓûêΓûî  | 78/103 [00:00<00:00, 
2668.83it/s, Materializing param=encoder.layer.4.attention.self.value.bias]
Loading weights:  77%|ΓûêΓûêΓûêΓûêΓûêΓûêΓûêΓûï  | 79/103 [00:00<00:00, 
2697.92it/s, Materializing param=encoder.layer.4.attention.self.value.weight]
Loading weights:  77%|ΓûêΓûêΓûêΓûêΓûêΓûêΓûêΓûï  | 79/103 [00:00<00:00, 
2695.02it/s, Materializing param=encoder.layer.4.attention.self.value.weight]
Loading weights:  78%|ΓûêΓûêΓûêΓûêΓûêΓûêΓûêΓûè  | 80/103 [00:00<00:00, 
2722.65it/s, Materializing param=encoder.layer.4.intermediate.dense.bias]    
Loading weights:  78%|ΓûêΓûêΓûêΓûêΓûêΓûêΓûêΓûè  | 80/103 [00:00<00:00, 
2719.82it/s, Materializing param=encoder.layer.4.intermediate.dense.bias]
Loading weights:  79%|ΓûêΓûêΓûêΓûêΓûêΓûêΓûêΓûè  | 81/103 [00:00<00:00, 
2748.76it/s, Materializing param=encoder.layer.4.intermediate.dense.weight]
Loading weights:  79%|ΓûêΓûêΓûêΓûêΓûêΓûêΓûêΓûè  | 81/103 [00:00<00:00, 
2745.98it/s, Materializing param=encoder.layer.4.intermediate.dense.weight]
Loading weights:  80%|ΓûêΓûêΓûêΓûêΓûêΓûêΓûêΓûë  | 82/103 [00:00<00:00, 
2774.86it/s, Materializing param=encoder.layer.4.output.LayerNorm.bias]    
Loading weights:  80%|ΓûêΓûêΓûêΓûêΓûêΓûêΓûêΓûë  | 82/103 [00:00<00:00, 
2772.11it/s, Materializing param=encoder.layer.4.output.LayerNorm.bias]
Loading weights:  81%|ΓûêΓûêΓûêΓûêΓûêΓûêΓûêΓûê  | 83/103 [00:00<00:00, 
2800.88it/s, Materializing param=encoder.layer.4.output.LayerNorm.weight]
Loading weights:  81%|ΓûêΓûêΓûêΓûêΓûêΓûêΓûêΓûê  | 83/103 [00:00<00:00, 
2798.11it/s, Materializing param=encoder.layer.4.output.LayerNorm.weight]
Loading weights:  82%|ΓûêΓûêΓûêΓûêΓûêΓûêΓûêΓûêΓûÅ | 84/103 [00:00<00:00, 
2826.83it/s, Materializing param=encoder.layer.4.output.dense.bias]      
Loading weights:  82%|ΓûêΓûêΓûêΓûêΓûêΓûêΓûêΓûêΓûÅ | 84/103 [00:00<00:00, 
2824.06it/s, Materializing param=encoder.layer.4.output.dense.bias]
Loading weights:  83%|ΓûêΓûêΓûêΓûêΓûêΓûêΓûêΓûêΓûÄ | 85/103 [00:00<00:00, 
2852.49it/s, Materializing param=encoder.layer.4.output.dense.weight]
Loading weights:  83%|ΓûêΓûêΓûêΓûêΓûêΓûêΓûêΓûêΓûÄ | 85/103 [00:00<00:00, 
2849.76it/s, Materializing param=encoder.layer.4.output.dense.weight]
Loading weights:  83%|ΓûêΓûêΓûêΓûêΓûêΓûêΓûêΓûêΓûÄ | 86/103 [00:00<00:00, 
2877.49it/s, Materializing 
param=encoder.layer.5.attention.output.LayerNorm.bias]
Loading weights:  83%|ΓûêΓûêΓûêΓûêΓûêΓûêΓûêΓûêΓûÄ | 86/103 [00:00<00:00, 
2874.55it/s, Materializing 
param=encoder.layer.5.attention.output.LayerNorm.bias]
Loading weights:  84%|ΓûêΓûêΓûêΓûêΓûêΓûêΓûêΓûêΓûì | 87/103 [00:00<00:00, 
2902.49it/s, Materializing 
param=encoder.layer.5.attention.output.LayerNorm.weight]
Loading weights:  84%|ΓûêΓûêΓûêΓûêΓûêΓûêΓûêΓûêΓûì | 87/103 [00:00<00:00, 
2899.66it/s, Materializing 
param=encoder.layer.5.attention.output.LayerNorm.weight]
Loading weights:  85%|ΓûêΓûêΓûêΓûêΓûêΓûêΓûêΓûêΓûî | 88/103 [00:00<00:00, 
2927.82it/s, Materializing param=encoder.layer.5.attention.output.dense.bias]  
    
Loading weights:  85%|ΓûêΓûêΓûêΓûêΓûêΓûêΓûêΓûêΓûî | 88/103 [00:00<00:00, 
2925.04it/s, Materializing param=encoder.layer.5.attention.output.dense.bias]
Loading weights:  86%|ΓûêΓûêΓûêΓûêΓûêΓûêΓûêΓûêΓûï | 89/103 [00:00<00:00, 
2953.01it/s, Materializing param=encoder.layer.5.attention.output.dense.weight]
Loading weights:  86%|ΓûêΓûêΓûêΓûêΓûêΓûêΓûêΓûêΓûï | 89/103 [00:00<00:00, 
2950.21it/s, Materializing param=encoder.layer.5.attention.output.dense.weight]
Loading weights:  87%|ΓûêΓûêΓûêΓûêΓûêΓûêΓûêΓûêΓûï | 90/103 [00:00<00:00, 
2978.13it/s, Materializing param=encoder.layer.5.attention.self.key.bias]      
Loading weights:  87%|ΓûêΓûêΓûêΓûêΓûêΓûêΓûêΓûêΓûï | 90/103 [00:00<00:00, 
2975.25it/s, Materializing param=encoder.layer.5.attention.self.key.bias]
Loading weights:  88%|ΓûêΓûêΓûêΓûêΓûêΓûêΓûêΓûêΓûè | 91/103 [00:00<00:00, 
3003.03it/s, Materializing param=encoder.layer.5.attention.self.key.weight]
Loading weights:  88%|ΓûêΓûêΓûêΓûêΓûêΓûêΓûêΓûêΓûè | 91/103 [00:00<00:00, 
3000.12it/s, Materializing param=encoder.layer.5.attention.self.key.weight]
Loading weights:  89%|ΓûêΓûêΓûêΓûêΓûêΓûêΓûêΓûêΓûë | 92/103 [00:00<00:00, 
3027.90it/s, Materializing param=encoder.layer.5.attention.self.query.bias]
Loading weights:  89%|ΓûêΓûêΓûêΓûêΓûêΓûêΓûêΓûêΓûë | 92/103 [00:00<00:00, 
3025.05it/s, Materializing param=encoder.layer.5.attention.self.query.bias]
Loading weights:  90%|ΓûêΓûêΓûêΓûêΓûêΓûêΓûêΓûêΓûê | 93/103 [00:00<00:00, 
3052.77it/s, Materializing param=encoder.layer.5.attention.self.query.weight]
Loading weights:  90%|ΓûêΓûêΓûêΓûêΓûêΓûêΓûêΓûêΓûê | 93/103 [00:00<00:00, 
3049.90it/s, Materializing param=encoder.layer.5.attention.self.query.weight]
Loading weights:  91%|ΓûêΓûêΓûêΓûêΓûêΓûêΓûêΓûêΓûêΓûÅ| 94/103 [00:00<00:00, 
3077.40it/s, Materializing param=encoder.layer.5.attention.self.value.bias]  
Loading weights:  91%|ΓûêΓûêΓûêΓûêΓûêΓûêΓûêΓûêΓûêΓûÅ| 94/103 [00:00<00:00, 
3074.55it/s, Materializing param=encoder.layer.5.attention.self.value.bias]
Loading weights:  92%|ΓûêΓûêΓûêΓûêΓûêΓûêΓûêΓûêΓûêΓûÅ| 95/103 [00:00<00:00, 
3102.05it/s, Materializing param=encoder.layer.5.attention.self.value.weight]
Loading weights:  92%|ΓûêΓûêΓûêΓûêΓûêΓûêΓûêΓûêΓûêΓûÅ| 95/103 [00:00<00:00, 
3099.23it/s, Materializing param=encoder.layer.5.attention.self.value.weight]
Loading weights:  93%|ΓûêΓûêΓûêΓûêΓûêΓûêΓûêΓûêΓûêΓûÄ| 96/103 [00:00<00:00, 
3126.58it/s, Materializing param=encoder.layer.5.intermediate.dense.bias]    
Loading weights:  93%|ΓûêΓûêΓûêΓûêΓûêΓûêΓûêΓûêΓûêΓûÄ| 96/103 [00:00<00:00, 
3123.64it/s, Materializing param=encoder.layer.5.intermediate.dense.bias]
Loading weights:  94%|ΓûêΓûêΓûêΓûêΓûêΓûêΓûêΓûêΓûêΓûì| 97/103 [00:00<00:00, 
3150.93it/s, Materializing param=encoder.layer.5.intermediate.dense.weight]
Loading weights:  94%|ΓûêΓûêΓûêΓûêΓûêΓûêΓûêΓûêΓûêΓûì| 97/103 [00:00<00:00, 
3148.05it/s, Materializing param=encoder.layer.5.intermediate.dense.weight]
Loading weights:  95%|ΓûêΓûêΓûêΓûêΓûêΓûêΓûêΓûêΓûêΓûî| 98/103 [00:00<00:00, 
3174.68it/s, Materializing param=encoder.layer.5.output.LayerNorm.bias]    
Loading weights:  95%|ΓûêΓûêΓûêΓûêΓûêΓûêΓûêΓûêΓûêΓûî| 98/103 [00:00<00:00, 
3171.47it/s, Materializing param=encoder.layer.5.output.LayerNorm.bias]
Loading weights:  96%|ΓûêΓûêΓûêΓûêΓûêΓûêΓûêΓûêΓûêΓûî| 99/103 [00:00<00:00, 
3198.40it/s, Materializing param=encoder.layer.5.output.LayerNorm.weight]
Loading weights:  96%|ΓûêΓûêΓûêΓûêΓûêΓûêΓûêΓûêΓûêΓûî| 99/103 [00:00<00:00, 
3195.35it/s, Materializing param=encoder.layer.5.output.LayerNorm.weight]
Loading weights:  97%|ΓûêΓûêΓûêΓûêΓûêΓûêΓûêΓûêΓûêΓûï| 100/103 [00:00<00:00, 
3222.12it/s, Materializing param=encoder.layer.5.output.dense.bias]     
Loading weights:  97%|ΓûêΓûêΓûêΓûêΓûêΓûêΓûêΓûêΓûêΓûï| 100/103 [00:00<00:00, 
3218.98it/s, Materializing param=encoder.layer.5.output.dense.bias]
Loading weights:  98%|ΓûêΓûêΓûêΓûêΓûêΓûêΓûêΓûêΓûêΓûè| 101/103 [00:00<00:00, 
3245.52it/s, Materializing param=encoder.layer.5.output.dense.weight]
Loading weights:  98%|ΓûêΓûêΓûêΓûêΓûêΓûêΓûêΓûêΓûêΓûè| 101/103 [00:00<00:00, 
3242.41it/s, Materializing param=encoder.layer.5.output.dense.weight]
Loading weights:  99%|ΓûêΓûêΓûêΓûêΓûêΓûêΓûêΓûêΓûêΓûë| 102/103 [00:00<00:00, 
3269.09it/s, Materializing param=pooler.dense.bias]                  
Loading weights:  99%|ΓûêΓûêΓûêΓûêΓûêΓûêΓûêΓûêΓûêΓûë| 102/103 [00:00<00:00, 
3266.04it/s, Materializing param=pooler.dense.bias]
Loading weights: 100%|ΓûêΓûêΓûêΓûêΓûêΓûêΓûêΓûêΓûêΓûê| 103/103 [00:00<00:00, 
3292.66it/s, Materializing param=pooler.dense.weight]
Loading weights: 100%|ΓûêΓûêΓûêΓûêΓûêΓûêΓûêΓûêΓûêΓûê| 103/103 [00:00<00:00, 
3289.65it/s, Materializing param=pooler.dense.weight]
Loading weights: 100%|ΓûêΓûêΓûêΓûêΓûêΓûêΓûêΓûêΓûêΓûê| 103/103 [00:00<00:00, 
3281.65it/s, Materializing param=pooler.dense.weight]
[1mBertModel LOAD REPORT[0m from: sentence-transformers/all-MiniLM-L6-v2
Key                     | Status     |  | 
------------------------+------------+--+-
embeddings.position_ids | UNEXPECTED |  | 

[3mNotes:
- UNEXPECTED[3m	:can be ignored when loading from different 
task/architecture; not ok if you expect identical arch.[0m
2026-03-02 18:19:22.896 | SUCCESS  | 
docusense.embeddings.embedding_generator:__init__:159 - Γ£à Model loaded: 384 
dimensions
2026-03-02 18:19:23.013 | INFO     | 
docusense.embeddings.embedding_generator:embed_batch:217 - Generating 
embeddings for 5 texts...
≡ƒôè Model Info:
  model_name: all-MiniLM-L6-v2
  embedding_dimension: 384
  device: cpu
  max_seq_length: 256
  normalize: True
  batch_size: 32

≡ƒô¥ Input text: Machine learning models achieve high accuracy on complex tasks.
≡ƒôÉ Embedding shape: (384,)
≡ƒôÅ Embedding dimension: 384
≡ƒº« First 5 values: [-0.01615398 -0.02963365  0.08947225  0.00680302  0.00817416]
≡ƒôè L2 norm: 1.0000 (should be ~1.0 if normalized)

Γ£à KEY INSIGHT:
  Embeddings convert text into dense vectors!
  384 dimensions capture semantic meaning.

================================================================================
  TEST 2: Embedding Generation - Batch
================================================================================

≡ƒôª Embedding 5 texts in batch...

Batches:   0%|          | 0/1 [00:00<?, ?it/s]
Batches: 100%|ΓûêΓûêΓûêΓûêΓûêΓûêΓûêΓûêΓûêΓûê| 1/1 [00:00<00:00, 32.18it/s]
2026-03-02 18:19:23.047 | SUCCESS  | 
docusense.embeddings.embedding_generator:embed_batch:227 - Γ£à Generated 5 
embeddings
2026-03-02 18:19:23.048 | INFO     | 
docusense.embeddings.embedding_generator:__init__:147 - Initializing 
EmbeddingGenerator...
2026-03-02 18:19:23.048 | INFO     | 
docusense.embeddings.embedding_generator:__init__:148 -   Model: 
all-MiniLM-L6-v2
2026-03-02 18:19:23.048 | INFO     | 
docusense.embeddings.embedding_generator:__init__:149 -   Device: cpu
2026-03-02 18:19:23.048 | INFO     | 
docusense.embeddings.embedding_generator:__init__:150 -   Batch size: 32
2026-03-02 18:19:23.048 | INFO     | 
docusense.embeddings.embedding_generator:__init__:151 -   Normalize: True
2026-03-02 18:19:23.048 | INFO     | 
docusense.embeddings.embedding_generator:__init__:155 - Loading embedding 
model: all-MiniLM-L6-v2...

≡ƒôÉ Embeddings shape: (5, 384)
   5 texts ├ù 384 dimensions

≡ƒöì Similarity between text 1 and others:
  Text 1 vs Text 2: 0.1868
    Text 2: Deep learning requires large amounts of training data....
  Text 1 vs Text 3: 0.1118
    Text 3: Natural language processing enables computers to understand ...
  Text 1 vs Text 4: 0.2840
    Text 4: The algorithm optimizes a loss function during training....
  Text 1 vs Text 5: 0.0941
    Text 5: Python is a popular programming language for machine learnin...

Γ£à KEY INSIGHT:
  Semantically similar texts have higher similarity scores!
  Text 1 (accuracy) most similar to Text 4 (algorithm/training)

================================================================================
  TEST 3: Create Qdrant Collection
================================================================================


Loading weights:   0%|          | 0/103 [00:00<?, ?it/s]
Loading weights:   1%|          | 1/103 [00:00<00:00, 42366.71it/s, 
Materializing param=embeddings.LayerNorm.bias]
Loading weights:   1%|          | 1/103 [00:00<00:00, 11522.81it/s, 
Materializing param=embeddings.LayerNorm.bias]
Loading weights:   2%|ΓûÅ         | 2/103 [00:00<00:00, 10094.59it/s, 
Materializing param=embeddings.LayerNorm.weight]
Loading weights:   2%|ΓûÅ         | 2/103 [00:00<00:00, 8371.86it/s, 
Materializing param=embeddings.LayerNorm.weight] 
Loading weights:   3%|ΓûÄ         | 3/103 [00:00<00:00, 9231.78it/s, 
Materializing param=embeddings.position_embeddings.weight]
Loading weights:   3%|ΓûÄ         | 3/103 [00:00<00:00, 8366.30it/s, 
Materializing param=embeddings.position_embeddings.weight]
Loading weights:   4%|Γûì         | 4/103 [00:00<00:00, 9404.27it/s, 
Materializing param=embeddings.token_type_embeddings.weight]
Loading weights:   4%|Γûì         | 4/103 [00:00<00:00, 8760.95it/s, 
Materializing param=embeddings.token_type_embeddings.weight]
Loading weights:   5%|Γûì         | 5/103 [00:00<00:00, 9567.30it/s, 
Materializing param=embeddings.word_embeddings.weight]      
Loading weights:   5%|Γûì         | 5/103 [00:00<00:00, 9020.01it/s, 
Materializing param=embeddings.word_embeddings.weight]
Loading weights:   6%|Γûî         | 6/103 [00:00<00:00, 9754.20it/s, 
Materializing param=encoder.layer.0.attention.output.LayerNorm.bias]
Loading weights:   6%|Γûî         | 6/103 [00:00<00:00, 9276.01it/s, 
Materializing param=encoder.layer.0.attention.output.LayerNorm.bias]
Loading weights:   7%|Γûï         | 7/103 [00:00<00:00, 9693.01it/s, 
Materializing param=encoder.layer.0.attention.output.LayerNorm.weight]
Loading weights:   7%|Γûï         | 7/103 [00:00<00:00, 9270.64it/s, 
Materializing param=encoder.layer.0.attention.output.LayerNorm.weight]
Loading weights:   8%|Γûè         | 8/103 [00:00<00:00, 4806.54it/s, 
Materializing param=encoder.layer.0.attention.output.dense.bias]      
Loading weights:   8%|Γûè         | 8/103 [00:00<00:00, 4650.00it/s, 
Materializing param=encoder.layer.0.attention.output.dense.bias]
Loading weights:   9%|Γûè         | 9/103 [00:00<00:00, 4310.20it/s, 
Materializing param=encoder.layer.0.attention.output.dense.weight]
Loading weights:   9%|Γûè         | 9/103 [00:00<00:00, 4235.72it/s, 
Materializing param=encoder.layer.0.attention.output.dense.weight]
Loading weights:  10%|Γûë         | 10/103 [00:00<00:00, 4555.56it/s, 
Materializing param=encoder.layer.0.attention.self.key.bias]     
Loading weights:  10%|Γûë         | 10/103 [00:00<00:00, 4490.21it/s, 
Materializing param=encoder.layer.0.attention.self.key.bias]
Loading weights:  11%|Γûê         | 11/103 [00:00<00:00, 3952.15it/s, 
Materializing param=encoder.layer.0.attention.self.key.weight]
Loading weights:  11%|Γûê         | 11/103 [00:00<00:00, 3869.93it/s, 
Materializing param=encoder.layer.0.attention.self.key.weight]
Loading weights:  12%|ΓûêΓûÅ        | 12/103 [00:00<00:00, 4080.39it/s, 
Materializing param=encoder.layer.0.attention.self.query.bias]
Loading weights:  12%|ΓûêΓûÅ        | 12/103 [00:00<00:00, 4030.08it/s, 
Materializing param=encoder.layer.0.attention.self.query.bias]
Loading weights:  13%|ΓûêΓûÄ        | 13/103 [00:00<00:00, 4259.51it/s, 
Materializing param=encoder.layer.0.attention.self.query.weight]
Loading weights:  13%|ΓûêΓûÄ        | 13/103 [00:00<00:00, 4214.40it/s, 
Materializing param=encoder.layer.0.attention.self.query.weight]
Loading weights:  14%|ΓûêΓûÄ        | 14/103 [00:00<00:00, 4203.91it/s, 
Materializing param=encoder.layer.0.attention.self.value.bias]  
Loading weights:  14%|ΓûêΓûÄ        | 14/103 [00:00<00:00, 4084.60it/s, 
Materializing param=encoder.layer.0.attention.self.value.bias]
Loading weights:  15%|ΓûêΓûì        | 15/103 [00:00<00:00, 4068.98it/s, 
Materializing param=encoder.layer.0.attention.self.value.weight]
Loading weights:  15%|ΓûêΓûì        | 15/103 [00:00<00:00, 3972.63it/s, 
Materializing param=encoder.layer.0.attention.self.value.weight]
Loading weights:  16%|ΓûêΓûî        | 16/103 [00:00<00:00, 4005.54it/s, 
Materializing param=encoder.layer.0.intermediate.dense.bias]    
Loading weights:  16%|ΓûêΓûî        | 16/103 [00:00<00:00, 3929.78it/s, 
Materializing param=encoder.layer.0.intermediate.dense.bias]
Loading weights:  17%|ΓûêΓûï        | 17/103 [00:00<00:00, 3895.71it/s, 
Materializing param=encoder.layer.0.intermediate.dense.weight]
Loading weights:  17%|ΓûêΓûï        | 17/103 [00:00<00:00, 3844.87it/s, 
Materializing param=encoder.layer.0.intermediate.dense.weight]
Loading weights:  17%|ΓûêΓûï        | 18/103 [00:00<00:00, 3574.52it/s, 
Materializing param=encoder.layer.0.output.LayerNorm.bias]    
Loading weights:  17%|ΓûêΓûï        | 18/103 [00:00<00:00, 3534.69it/s, 
Materializing param=encoder.layer.0.output.LayerNorm.bias]
Loading weights:  18%|ΓûêΓûè        | 19/103 [00:00<00:00, 3666.86it/s, 
Materializing param=encoder.layer.0.output.LayerNorm.weight]
Loading weights:  18%|ΓûêΓûè        | 19/103 [00:00<00:00, 3640.56it/s, 
Materializing param=encoder.layer.0.output.LayerNorm.weight]
Loading weights:  19%|ΓûêΓûë        | 20/103 [00:00<00:00, 3405.85it/s, 
Materializing param=encoder.layer.0.output.dense.bias]      
Loading weights:  19%|ΓûêΓûë        | 20/103 [00:00<00:00, 3176.42it/s, 
Materializing param=encoder.layer.0.output.dense.bias]
Loading weights:  20%|ΓûêΓûê        | 21/103 [00:00<00:00, 3151.81it/s, 
Materializing param=encoder.layer.0.output.dense.weight]
Loading weights:  20%|ΓûêΓûê        | 21/103 [00:00<00:00, 3127.19it/s, 
Materializing param=encoder.layer.0.output.dense.weight]
Loading weights:  21%|ΓûêΓûêΓûÅ       | 22/103 [00:00<00:00, 3237.14it/s, 
Materializing param=encoder.layer.1.attention.output.LayerNorm.bias]
Loading weights:  21%|ΓûêΓûêΓûÅ       | 22/103 [00:00<00:00, 3220.53it/s, 
Materializing param=encoder.layer.1.attention.output.LayerNorm.bias]
Loading weights:  22%|ΓûêΓûêΓûÅ       | 23/103 [00:00<00:00, 3330.19it/s, 
Materializing param=encoder.layer.1.attention.output.LayerNorm.weight]
Loading weights:  22%|ΓûêΓûêΓûÅ       | 23/103 [00:00<00:00, 3314.74it/s, 
Materializing param=encoder.layer.1.attention.output.LayerNorm.weight]
Loading weights:  23%|ΓûêΓûêΓûÄ       | 24/103 [00:00<00:00, 3423.22it/s, 
Materializing param=encoder.layer.1.attention.output.dense.bias]      
Loading weights:  23%|ΓûêΓûêΓûÄ       | 24/103 [00:00<00:00, 3408.73it/s, 
Materializing param=encoder.layer.1.attention.output.dense.bias]
Loading weights:  24%|ΓûêΓûêΓûì       | 25/103 [00:00<00:00, 3514.82it/s, 
Materializing param=encoder.layer.1.attention.output.dense.weight]
Loading weights:  24%|ΓûêΓûêΓûì       | 25/103 [00:00<00:00, 3464.99it/s, 
Materializing param=encoder.layer.1.attention.output.dense.weight]
Loading weights:  25%|ΓûêΓûêΓûî       | 26/103 [00:00<00:00, 3525.88it/s, 
Materializing param=encoder.layer.1.attention.self.key.bias]      
Loading weights:  25%|ΓûêΓûêΓûî       | 26/103 [00:00<00:00, 3451.66it/s, 
Materializing param=encoder.layer.1.attention.self.key.bias]
Loading weights:  26%|ΓûêΓûêΓûî       | 27/103 [00:00<00:00, 3536.29it/s, 
Materializing param=encoder.layer.1.attention.self.key.weight]
Loading weights:  26%|ΓûêΓûêΓûî       | 27/103 [00:00<00:00, 3518.93it/s, 
Materializing param=encoder.layer.1.attention.self.key.weight]
Loading weights:  27%|ΓûêΓûêΓûï       | 28/103 [00:00<00:00, 3483.85it/s, 
Materializing param=encoder.layer.1.attention.self.query.bias]
Loading weights:  27%|ΓûêΓûêΓûï       | 28/103 [00:00<00:00, 3425.52it/s, 
Materializing param=encoder.layer.1.attention.self.query.bias]
Loading weights:  28%|ΓûêΓûêΓûè       | 29/103 [00:00<00:00, 3274.59it/s, 
Materializing param=encoder.layer.1.attention.self.query.weight]
Loading weights:  28%|ΓûêΓûêΓûè       | 29/103 [00:00<00:00, 3184.07it/s, 
Materializing param=encoder.layer.1.attention.self.query.weight]
Loading weights:  29%|ΓûêΓûêΓûë       | 30/103 [00:00<00:00, 3224.90it/s, 
Materializing param=encoder.layer.1.attention.self.value.bias]  
Loading weights:  29%|ΓûêΓûêΓûë       | 30/103 [00:00<00:00, 3140.47it/s, 
Materializing param=encoder.layer.1.attention.self.value.bias]
Loading weights:  30%|ΓûêΓûêΓûê       | 31/103 [00:00<00:00, 3180.07it/s, 
Materializing param=encoder.layer.1.attention.self.value.weight]
Loading weights:  30%|ΓûêΓûêΓûê       | 31/103 [00:00<00:00, 3010.99it/s, 
Materializing param=encoder.layer.1.attention.self.value.weight]
Loading weights:  31%|ΓûêΓûêΓûê       | 32/103 [00:00<00:00, 3007.75it/s, 
Materializing param=encoder.layer.1.intermediate.dense.bias]    
Loading weights:  31%|ΓûêΓûêΓûê       | 32/103 [00:00<00:00, 2962.47it/s, 
Materializing param=encoder.layer.1.intermediate.dense.bias]
Loading weights:  32%|ΓûêΓûêΓûêΓûÅ      | 33/103 [00:00<00:00, 2990.17it/s, 
Materializing param=encoder.layer.1.intermediate.dense.weight]
Loading weights:  32%|ΓûêΓûêΓûêΓûÅ      | 33/103 [00:00<00:00, 2975.90it/s, 
Materializing param=encoder.layer.1.intermediate.dense.weight]
Loading weights:  33%|ΓûêΓûêΓûêΓûÄ      | 34/103 [00:00<00:00, 3043.70it/s, 
Materializing param=encoder.layer.1.output.LayerNorm.bias]    
Loading weights:  33%|ΓûêΓûêΓûêΓûÄ      | 34/103 [00:00<00:00, 3034.50it/s, 
Materializing param=encoder.layer.1.output.LayerNorm.bias]
Loading weights:  34%|ΓûêΓûêΓûêΓûì      | 35/103 [00:00<00:00, 3102.62it/s, 
Materializing param=encoder.layer.1.output.LayerNorm.weight]
Loading weights:  34%|ΓûêΓûêΓûêΓûì      | 35/103 [00:00<00:00, 3094.32it/s, 
Materializing param=encoder.layer.1.output.LayerNorm.weight]
Loading weights:  35%|ΓûêΓûêΓûêΓûì      | 36/103 [00:00<00:00, 3164.65it/s, 
Materializing param=encoder.layer.1.output.dense.bias]      
Loading weights:  35%|ΓûêΓûêΓûêΓûì      | 36/103 [00:00<00:00, 3156.05it/s, 
Materializing param=encoder.layer.1.output.dense.bias]
Loading weights:  36%|ΓûêΓûêΓûêΓûî      | 37/103 [00:00<00:00, 3164.74it/s, 
Materializing param=encoder.layer.1.output.dense.weight]
Loading weights:  36%|ΓûêΓûêΓûêΓûî      | 37/103 [00:00<00:00, 3138.18it/s, 
Materializing param=encoder.layer.1.output.dense.weight]
Loading weights:  37%|ΓûêΓûêΓûêΓûï      | 38/103 [00:00<00:00, 3131.37it/s, 
Materializing param=encoder.layer.2.attention.output.LayerNorm.bias]
Loading weights:  37%|ΓûêΓûêΓûêΓûï      | 38/103 [00:00<00:00, 3110.83it/s, 
Materializing param=encoder.layer.2.attention.output.LayerNorm.bias]
Loading weights:  38%|ΓûêΓûêΓûêΓûè      | 39/103 [00:00<00:00, 3070.10it/s, 
Materializing param=encoder.layer.2.attention.output.LayerNorm.weight]
Loading weights:  38%|ΓûêΓûêΓûêΓûè      | 39/103 [00:00<00:00, 3047.16it/s, 
Materializing param=encoder.layer.2.attention.output.LayerNorm.weight]
Loading weights:  39%|ΓûêΓûêΓûêΓûë      | 40/103 [00:00<00:00, 3061.37it/s, 
Materializing param=encoder.layer.2.attention.output.dense.bias]      
Loading weights:  39%|ΓûêΓûêΓûêΓûë      | 40/103 [00:00<00:00, 2980.71it/s, 
Materializing param=encoder.layer.2.attention.output.dense.bias]
Loading weights:  40%|ΓûêΓûêΓûêΓûë      | 41/103 [00:00<00:00, 2985.84it/s, 
Materializing param=encoder.layer.2.attention.output.dense.weight]
Loading weights:  40%|ΓûêΓûêΓûêΓûë      | 41/103 [00:00<00:00, 2965.91it/s, 
Materializing param=encoder.layer.2.attention.output.dense.weight]
Loading weights:  41%|ΓûêΓûêΓûêΓûê      | 42/103 [00:00<00:00, 3001.19it/s, 
Materializing param=encoder.layer.2.attention.self.key.bias]      
Loading weights:  41%|ΓûêΓûêΓûêΓûê      | 42/103 [00:00<00:00, 2944.16it/s, 
Materializing param=encoder.layer.2.attention.self.key.bias]
Loading weights:  42%|ΓûêΓûêΓûêΓûêΓûÅ     | 43/103 [00:00<00:00, 2968.47it/s, 
Materializing param=encoder.layer.2.attention.self.key.weight]
Loading weights:  42%|ΓûêΓûêΓûêΓûêΓûÅ     | 43/103 [00:00<00:00, 2930.89it/s, 
Materializing param=encoder.layer.2.attention.self.key.weight]
Loading weights:  43%|ΓûêΓûêΓûêΓûêΓûÄ     | 44/103 [00:00<00:00, 2912.53it/s, 
Materializing param=encoder.layer.2.attention.self.query.bias]
Loading weights:  43%|ΓûêΓûêΓûêΓûêΓûÄ     | 44/103 [00:00<00:00, 2894.67it/s, 
Materializing param=encoder.layer.2.attention.self.query.bias]
Loading weights:  44%|ΓûêΓûêΓûêΓûêΓûÄ     | 45/103 [00:00<00:00, 2891.83it/s, 
Materializing param=encoder.layer.2.attention.self.query.weight]
Loading weights:  44%|ΓûêΓûêΓûêΓûêΓûÄ     | 45/103 [00:00<00:00, 2857.85it/s, 
Materializing param=encoder.layer.2.attention.self.query.weight]
Loading weights:  45%|ΓûêΓûêΓûêΓûêΓûì     | 46/103 [00:00<00:00, 2833.45it/s, 
Materializing param=encoder.layer.2.attention.self.value.bias]  
Loading weights:  45%|ΓûêΓûêΓûêΓûêΓûì     | 46/103 [00:00<00:00, 2811.85it/s, 
Materializing param=encoder.layer.2.attention.self.value.bias]
Loading weights:  46%|ΓûêΓûêΓûêΓûêΓûî     | 47/103 [00:00<00:00, 2806.71it/s, 
Materializing param=encoder.layer.2.attention.self.value.weight]
Loading weights:  46%|ΓûêΓûêΓûêΓûêΓûî     | 47/103 [00:00<00:00, 2798.19it/s, 
Materializing param=encoder.layer.2.attention.self.value.weight]
Loading weights:  47%|ΓûêΓûêΓûêΓûêΓûï     | 48/103 [00:00<00:00, 2843.80it/s, 
Materializing param=encoder.layer.2.intermediate.dense.bias]    
Loading weights:  47%|ΓûêΓûêΓûêΓûêΓûï     | 48/103 [00:00<00:00, 2838.22it/s, 
Materializing param=encoder.layer.2.intermediate.dense.bias]
Loading weights:  48%|ΓûêΓûêΓûêΓûêΓûè     | 49/103 [00:00<00:00, 2885.60it/s, 
Materializing param=encoder.layer.2.intermediate.dense.weight]
Loading weights:  48%|ΓûêΓûêΓûêΓûêΓûè     | 49/103 [00:00<00:00, 2880.18it/s, 
Materializing param=encoder.layer.2.intermediate.dense.weight]
Loading weights:  49%|ΓûêΓûêΓûêΓûêΓûè     | 50/103 [00:00<00:00, 2911.46it/s, 
Materializing param=encoder.layer.2.output.LayerNorm.bias]    
Loading weights:  49%|ΓûêΓûêΓûêΓûêΓûè     | 50/103 [00:00<00:00, 2847.96it/s, 
Materializing param=encoder.layer.2.output.LayerNorm.bias]
Loading weights:  50%|ΓûêΓûêΓûêΓûêΓûë     | 51/103 [00:00<00:00, 2884.16it/s, 
Materializing param=encoder.layer.2.output.LayerNorm.weight]
Loading weights:  50%|ΓûêΓûêΓûêΓûêΓûë     | 51/103 [00:00<00:00, 2877.22it/s, 
Materializing param=encoder.layer.2.output.LayerNorm.weight]
Loading weights:  50%|ΓûêΓûêΓûêΓûêΓûê     | 52/103 [00:00<00:00, 2921.18it/s, 
Materializing param=encoder.layer.2.output.dense.bias]      
Loading weights:  50%|ΓûêΓûêΓûêΓûêΓûê     | 52/103 [00:00<00:00, 2915.63it/s, 
Materializing param=encoder.layer.2.output.dense.bias]
Loading weights:  51%|ΓûêΓûêΓûêΓûêΓûêΓûÅ    | 53/103 [00:00<00:00, 
2959.71it/s, Materializing param=encoder.layer.2.output.dense.weight]
Loading weights:  51%|ΓûêΓûêΓûêΓûêΓûêΓûÅ    | 53/103 [00:00<00:00, 
2954.40it/s, Materializing param=encoder.layer.2.output.dense.weight]
Loading weights:  52%|ΓûêΓûêΓûêΓûêΓûêΓûÅ    | 54/103 [00:00<00:00, 
2983.58it/s, Materializing 
param=encoder.layer.3.attention.output.LayerNorm.bias]
Loading weights:  52%|ΓûêΓûêΓûêΓûêΓûêΓûÅ    | 54/103 [00:00<00:00, 
2968.06it/s, Materializing 
param=encoder.layer.3.attention.output.LayerNorm.bias]
Loading weights:  53%|ΓûêΓûêΓûêΓûêΓûêΓûÄ    | 55/103 [00:00<00:00, 
2986.39it/s, Materializing 
param=encoder.layer.3.attention.output.LayerNorm.weight]
Loading weights:  53%|ΓûêΓûêΓûêΓûêΓûêΓûÄ    | 55/103 [00:00<00:00, 
2973.30it/s, Materializing 
param=encoder.layer.3.attention.output.LayerNorm.weight]
Loading weights:  54%|ΓûêΓûêΓûêΓûêΓûêΓûì    | 56/103 [00:00<00:00, 
2999.45it/s, Materializing param=encoder.layer.3.attention.output.dense.bias]  
    
Loading weights:  54%|ΓûêΓûêΓûêΓûêΓûêΓûì    | 56/103 [00:00<00:00, 
2972.46it/s, Materializing param=encoder.layer.3.attention.output.dense.bias]
Loading weights:  55%|ΓûêΓûêΓûêΓûêΓûêΓûî    | 57/103 [00:00<00:00, 
2994.09it/s, Materializing param=encoder.layer.3.attention.output.dense.weight]
Loading weights:  55%|ΓûêΓûêΓûêΓûêΓûêΓûî    | 57/103 [00:00<00:00, 
2986.80it/s, Materializing param=encoder.layer.3.attention.output.dense.weight]
Loading weights:  56%|ΓûêΓûêΓûêΓûêΓûêΓûï    | 58/103 [00:00<00:00, 
3018.87it/s, Materializing param=encoder.layer.3.attention.self.key.bias]      
Loading weights:  56%|ΓûêΓûêΓûêΓûêΓûêΓûï    | 58/103 [00:00<00:00, 
3010.02it/s, Materializing param=encoder.layer.3.attention.self.key.bias]
Loading weights:  57%|ΓûêΓûêΓûêΓûêΓûêΓûï    | 59/103 [00:00<00:00, 
3048.90it/s, Materializing param=encoder.layer.3.attention.self.key.weight]
Loading weights:  57%|ΓûêΓûêΓûêΓûêΓûêΓûï    | 59/103 [00:00<00:00, 
3043.61it/s, Materializing param=encoder.layer.3.attention.self.key.weight]
Loading weights:  58%|ΓûêΓûêΓûêΓûêΓûêΓûè    | 60/103 [00:00<00:00, 
3084.95it/s, Materializing param=encoder.layer.3.attention.self.query.bias]
Loading weights:  58%|ΓûêΓûêΓûêΓûêΓûêΓûè    | 60/103 [00:00<00:00, 
3080.12it/s, Materializing param=encoder.layer.3.attention.self.query.bias]
Loading weights:  59%|ΓûêΓûêΓûêΓûêΓûêΓûë    | 61/103 [00:00<00:00, 
3121.45it/s, Materializing param=encoder.layer.3.attention.self.query.weight]
Loading weights:  59%|ΓûêΓûêΓûêΓûêΓûêΓûë    | 61/103 [00:00<00:00, 
3108.74it/s, Materializing param=encoder.layer.3.attention.self.query.weight]
Loading weights:  60%|ΓûêΓûêΓûêΓûêΓûêΓûê    | 62/103 [00:00<00:00, 
3129.51it/s, Materializing param=encoder.layer.3.attention.self.value.bias]  
Loading weights:  60%|ΓûêΓûêΓûêΓûêΓûêΓûê    | 62/103 [00:00<00:00, 
3116.72it/s, Materializing param=encoder.layer.3.attention.self.value.bias]
Loading weights:  61%|ΓûêΓûêΓûêΓûêΓûêΓûê    | 63/103 [00:00<00:00, 
3143.86it/s, Materializing param=encoder.layer.3.attention.self.value.weight]
Loading weights:  61%|ΓûêΓûêΓûêΓûêΓûêΓûê    | 63/103 [00:00<00:00, 
3131.71it/s, Materializing param=encoder.layer.3.attention.self.value.weight]
Loading weights:  62%|ΓûêΓûêΓûêΓûêΓûêΓûêΓûÅ   | 64/103 [00:00<00:00, 
3158.88it/s, Materializing param=encoder.layer.3.intermediate.dense.bias]    
Loading weights:  62%|ΓûêΓûêΓûêΓûêΓûêΓûêΓûÅ   | 64/103 [00:00<00:00, 
3147.29it/s, Materializing param=encoder.layer.3.intermediate.dense.bias]
Loading weights:  63%|ΓûêΓûêΓûêΓûêΓûêΓûêΓûÄ   | 65/103 [00:00<00:00, 
3175.21it/s, Materializing param=encoder.layer.3.intermediate.dense.weight]
Loading weights:  63%|ΓûêΓûêΓûêΓûêΓûêΓûêΓûÄ   | 65/103 [00:00<00:00, 
3164.23it/s, Materializing param=encoder.layer.3.intermediate.dense.weight]
Loading weights:  64%|ΓûêΓûêΓûêΓûêΓûêΓûêΓûì   | 66/103 [00:00<00:00, 
3192.38it/s, Materializing param=encoder.layer.3.output.LayerNorm.bias]    
Loading weights:  64%|ΓûêΓûêΓûêΓûêΓûêΓûêΓûì   | 66/103 [00:00<00:00, 
3181.19it/s, Materializing param=encoder.layer.3.output.LayerNorm.bias]
Loading weights:  65%|ΓûêΓûêΓûêΓûêΓûêΓûêΓûî   | 67/103 [00:00<00:00, 
3208.16it/s, Materializing param=encoder.layer.3.output.LayerNorm.weight]
Loading weights:  65%|ΓûêΓûêΓûêΓûêΓûêΓûêΓûî   | 67/103 [00:00<00:00, 
3196.84it/s, Materializing param=encoder.layer.3.output.LayerNorm.weight]
Loading weights:  66%|ΓûêΓûêΓûêΓûêΓûêΓûêΓûî   | 68/103 [00:00<00:00, 
3224.09it/s, Materializing param=encoder.layer.3.output.dense.bias]      
Loading weights:  66%|ΓûêΓûêΓûêΓûêΓûêΓûêΓûî   | 68/103 [00:00<00:00, 
3211.17it/s, Materializing param=encoder.layer.3.output.dense.bias]
Loading weights:  67%|ΓûêΓûêΓûêΓûêΓûêΓûêΓûï   | 69/103 [00:00<00:00, 
3230.89it/s, Materializing param=encoder.layer.3.output.dense.weight]
Loading weights:  67%|ΓûêΓûêΓûêΓûêΓûêΓûêΓûï   | 69/103 [00:00<00:00, 
3217.60it/s, Materializing param=encoder.layer.3.output.dense.weight]
Loading weights:  68%|ΓûêΓûêΓûêΓûêΓûêΓûêΓûè   | 70/103 [00:00<00:00, 
3240.02it/s, Materializing 
param=encoder.layer.4.attention.output.LayerNorm.bias]
Loading weights:  68%|ΓûêΓûêΓûêΓûêΓûêΓûêΓûè   | 70/103 [00:00<00:00, 
3225.96it/s, Materializing 
param=encoder.layer.4.attention.output.LayerNorm.bias]
Loading weights:  69%|ΓûêΓûêΓûêΓûêΓûêΓûêΓûë   | 71/103 [00:00<00:00, 
3246.83it/s, Materializing 
param=encoder.layer.4.attention.output.LayerNorm.weight]
Loading weights:  69%|ΓûêΓûêΓûêΓûêΓûêΓûêΓûë   | 71/103 [00:00<00:00, 
3233.22it/s, Materializing 
param=encoder.layer.4.attention.output.LayerNorm.weight]
Loading weights:  70%|ΓûêΓûêΓûêΓûêΓûêΓûêΓûë   | 72/103 [00:00<00:00, 
3254.20it/s, Materializing param=encoder.layer.4.attention.output.dense.bias]  
    
Loading weights:  70%|ΓûêΓûêΓûêΓûêΓûêΓûêΓûë   | 72/103 [00:00<00:00, 
3241.35it/s, Materializing param=encoder.layer.4.attention.output.dense.bias]
Loading weights:  71%|ΓûêΓûêΓûêΓûêΓûêΓûêΓûê   | 73/103 [00:00<00:00, 
3263.84it/s, Materializing param=encoder.layer.4.attention.output.dense.weight]
Loading weights:  71%|ΓûêΓûêΓûêΓûêΓûêΓûêΓûê   | 73/103 [00:00<00:00, 
3251.57it/s, Materializing param=encoder.layer.4.attention.output.dense.weight]
Loading weights:  72%|ΓûêΓûêΓûêΓûêΓûêΓûêΓûêΓûÅ  | 74/103 [00:00<00:00, 
3274.83it/s, Materializing param=encoder.layer.4.attention.self.key.bias]      
Loading weights:  72%|ΓûêΓûêΓûêΓûêΓûêΓûêΓûêΓûÅ  | 74/103 [00:00<00:00, 
3263.29it/s, Materializing param=encoder.layer.4.attention.self.key.bias]
Loading weights:  73%|ΓûêΓûêΓûêΓûêΓûêΓûêΓûêΓûÄ  | 75/103 [00:00<00:00, 
3286.35it/s, Materializing param=encoder.layer.4.attention.self.key.weight]
Loading weights:  73%|ΓûêΓûêΓûêΓûêΓûêΓûêΓûêΓûÄ  | 75/103 [00:00<00:00, 
3274.07it/s, Materializing param=encoder.layer.4.attention.self.key.weight]
Loading weights:  74%|ΓûêΓûêΓûêΓûêΓûêΓûêΓûêΓûì  | 76/103 [00:00<00:00, 
3297.07it/s, Materializing param=encoder.layer.4.attention.self.query.bias]
Loading weights:  74%|ΓûêΓûêΓûêΓûêΓûêΓûêΓûêΓûì  | 76/103 [00:00<00:00, 
3285.95it/s, Materializing param=encoder.layer.4.attention.self.query.bias]
Loading weights:  75%|ΓûêΓûêΓûêΓûêΓûêΓûêΓûêΓûì  | 77/103 [00:00<00:00, 
3308.83it/s, Materializing param=encoder.layer.4.attention.self.query.weight]
Loading weights:  75%|ΓûêΓûêΓûêΓûêΓûêΓûêΓûêΓûì  | 77/103 [00:00<00:00, 
3295.79it/s, Materializing param=encoder.layer.4.attention.self.query.weight]
Loading weights:  76%|ΓûêΓûêΓûêΓûêΓûêΓûêΓûêΓûî  | 78/103 [00:00<00:00, 
3318.28it/s, Materializing param=encoder.layer.4.attention.self.value.bias]  
Loading weights:  76%|ΓûêΓûêΓûêΓûêΓûêΓûêΓûêΓûî  | 78/103 [00:00<00:00, 
3307.28it/s, Materializing param=encoder.layer.4.attention.self.value.bias]
Loading weights:  77%|ΓûêΓûêΓûêΓûêΓûêΓûêΓûêΓûï  | 79/103 [00:00<00:00, 
3316.22it/s, Materializing param=encoder.layer.4.attention.self.value.weight]
Loading weights:  77%|ΓûêΓûêΓûêΓûêΓûêΓûêΓûêΓûï  | 79/103 [00:00<00:00, 
3298.36it/s, Materializing param=encoder.layer.4.attention.self.value.weight]
Loading weights:  78%|ΓûêΓûêΓûêΓûêΓûêΓûêΓûêΓûè  | 80/103 [00:00<00:00, 
3312.22it/s, Materializing param=encoder.layer.4.intermediate.dense.bias]    
Loading weights:  78%|ΓûêΓûêΓûêΓûêΓûêΓûêΓûêΓûè  | 80/103 [00:00<00:00, 
3297.34it/s, Materializing param=encoder.layer.4.intermediate.dense.bias]
Loading weights:  79%|ΓûêΓûêΓûêΓûêΓûêΓûêΓûêΓûè  | 81/103 [00:00<00:00, 
3315.07it/s, Materializing param=encoder.layer.4.intermediate.dense.weight]
Loading weights:  79%|ΓûêΓûêΓûêΓûêΓûêΓûêΓûêΓûè  | 81/103 [00:00<00:00, 
3303.18it/s, Materializing param=encoder.layer.4.intermediate.dense.weight]
Loading weights:  80%|ΓûêΓûêΓûêΓûêΓûêΓûêΓûêΓûë  | 82/103 [00:00<00:00, 
3322.35it/s, Materializing param=encoder.layer.4.output.LayerNorm.bias]    
Loading weights:  80%|ΓûêΓûêΓûêΓûêΓûêΓûêΓûêΓûë  | 82/103 [00:00<00:00, 
3309.50it/s, Materializing param=encoder.layer.4.output.LayerNorm.bias]
Loading weights:  81%|ΓûêΓûêΓûêΓûêΓûêΓûêΓûêΓûê  | 83/103 [00:00<00:00, 
3326.11it/s, Materializing param=encoder.layer.4.output.LayerNorm.weight]
Loading weights:  81%|ΓûêΓûêΓûêΓûêΓûêΓûêΓûêΓûê  | 83/103 [00:00<00:00, 
3314.14it/s, Materializing param=encoder.layer.4.output.LayerNorm.weight]
Loading weights:  82%|ΓûêΓûêΓûêΓûêΓûêΓûêΓûêΓûêΓûÅ | 84/103 [00:00<00:00, 
3335.05it/s, Materializing param=encoder.layer.4.output.dense.bias]      
Loading weights:  82%|ΓûêΓûêΓûêΓûêΓûêΓûêΓûêΓûêΓûÅ | 84/103 [00:00<00:00, 
3325.98it/s, Materializing param=encoder.layer.4.output.dense.bias]
Loading weights:  83%|ΓûêΓûêΓûêΓûêΓûêΓûêΓûêΓûêΓûÄ | 85/103 [00:00<00:00, 
3350.21it/s, Materializing param=encoder.layer.4.output.dense.weight]
Loading weights:  83%|ΓûêΓûêΓûêΓûêΓûêΓûêΓûêΓûêΓûÄ | 85/103 [00:00<00:00, 
3341.82it/s, Materializing param=encoder.layer.4.output.dense.weight]
Loading weights:  83%|ΓûêΓûêΓûêΓûêΓûêΓûêΓûêΓûêΓûÄ | 86/103 [00:00<00:00, 
3366.50it/s, Materializing 
param=encoder.layer.5.attention.output.LayerNorm.bias]
Loading weights:  83%|ΓûêΓûêΓûêΓûêΓûêΓûêΓûêΓûêΓûÄ | 86/103 [00:00<00:00, 
3357.91it/s, Materializing 
param=encoder.layer.5.attention.output.LayerNorm.bias]
Loading weights:  84%|ΓûêΓûêΓûêΓûêΓûêΓûêΓûêΓûêΓûì | 87/103 [00:00<00:00, 
3376.81it/s, Materializing 
param=encoder.layer.5.attention.output.LayerNorm.weight]
Loading weights:  84%|ΓûêΓûêΓûêΓûêΓûêΓûêΓûêΓûêΓûì | 87/103 [00:00<00:00, 
3367.43it/s, Materializing 
param=encoder.layer.5.attention.output.LayerNorm.weight]
Loading weights:  85%|ΓûêΓûêΓûêΓûêΓûêΓûêΓûêΓûêΓûî | 88/103 [00:00<00:00, 
3388.40it/s, Materializing param=encoder.layer.5.attention.output.dense.bias]  
    
Loading weights:  85%|ΓûêΓûêΓûêΓûêΓûêΓûêΓûêΓûêΓûî | 88/103 [00:00<00:00, 
3379.28it/s, Materializing param=encoder.layer.5.attention.output.dense.bias]
Loading weights:  86%|ΓûêΓûêΓûêΓûêΓûêΓûêΓûêΓûêΓûï | 89/103 [00:00<00:00, 
3401.30it/s, Materializing param=encoder.layer.5.attention.output.dense.weight]
Loading weights:  86%|ΓûêΓûêΓûêΓûêΓûêΓûêΓûêΓûêΓûï | 89/103 [00:00<00:00, 
3392.56it/s, Materializing param=encoder.layer.5.attention.output.dense.weight]
Loading weights:  87%|ΓûêΓûêΓûêΓûêΓûêΓûêΓûêΓûêΓûï | 90/103 [00:00<00:00, 
3413.70it/s, Materializing param=encoder.layer.5.attention.self.key.bias]      
Loading weights:  87%|ΓûêΓûêΓûêΓûêΓûêΓûêΓûêΓûêΓûï | 90/103 [00:00<00:00, 
3404.90it/s, Materializing param=encoder.layer.5.attention.self.key.bias]
Loading weights:  88%|ΓûêΓûêΓûêΓûêΓûêΓûêΓûêΓûêΓûè | 91/103 [00:00<00:00, 
3425.55it/s, Materializing param=encoder.layer.5.attention.self.key.weight]
Loading weights:  88%|ΓûêΓûêΓûêΓûêΓûêΓûêΓûêΓûêΓûè | 91/103 [00:00<00:00, 
3416.60it/s, Materializing param=encoder.layer.5.attention.self.key.weight]
Loading weights:  89%|ΓûêΓûêΓûêΓûêΓûêΓûêΓûêΓûêΓûë | 92/103 [00:00<00:00, 
3437.80it/s, Materializing param=encoder.layer.5.attention.self.query.bias]
Loading weights:  89%|ΓûêΓûêΓûêΓûêΓûêΓûêΓûêΓûêΓûë | 92/103 [00:00<00:00, 
3428.97it/s, Materializing param=encoder.layer.5.attention.self.query.bias]
Loading weights:  90%|ΓûêΓûêΓûêΓûêΓûêΓûêΓûêΓûêΓûê | 93/103 [00:00<00:00, 
3449.78it/s, Materializing param=encoder.layer.5.attention.self.query.weight]
Loading weights:  90%|ΓûêΓûêΓûêΓûêΓûêΓûêΓûêΓûêΓûê | 93/103 [00:00<00:00, 
3441.08it/s, Materializing param=encoder.layer.5.attention.self.query.weight]
Loading weights:  91%|ΓûêΓûêΓûêΓûêΓûêΓûêΓûêΓûêΓûêΓûÅ| 94/103 [00:00<00:00, 
3462.44it/s, Materializing param=encoder.layer.5.attention.self.value.bias]  
Loading weights:  91%|ΓûêΓûêΓûêΓûêΓûêΓûêΓûêΓûêΓûêΓûÅ| 94/103 [00:00<00:00, 
3453.95it/s, Materializing param=encoder.layer.5.attention.self.value.bias]
Loading weights:  92%|ΓûêΓûêΓûêΓûêΓûêΓûêΓûêΓûêΓûêΓûÅ| 95/103 [00:00<00:00, 
3475.01it/s, Materializing param=encoder.layer.5.attention.self.value.weight]
Loading weights:  92%|ΓûêΓûêΓûêΓûêΓûêΓûêΓûêΓûêΓûêΓûÅ| 95/103 [00:00<00:00, 
3466.49it/s, Materializing param=encoder.layer.5.attention.self.value.weight]
Loading weights:  93%|ΓûêΓûêΓûêΓûêΓûêΓûêΓûêΓûêΓûêΓûÄ| 96/103 [00:00<00:00, 
3486.02it/s, Materializing param=encoder.layer.5.intermediate.dense.bias]    
Loading weights:  93%|ΓûêΓûêΓûêΓûêΓûêΓûêΓûêΓûêΓûêΓûÄ| 96/103 [00:00<00:00, 
3476.33it/s, Materializing param=encoder.layer.5.intermediate.dense.bias]
Loading weights:  94%|ΓûêΓûêΓûêΓûêΓûêΓûêΓûêΓûêΓûêΓûì| 97/103 [00:00<00:00, 
3493.93it/s, Materializing param=encoder.layer.5.intermediate.dense.weight]
Loading weights:  94%|ΓûêΓûêΓûêΓûêΓûêΓûêΓûêΓûêΓûêΓûì| 97/103 [00:00<00:00, 
3484.39it/s, Materializing param=encoder.layer.5.intermediate.dense.weight]
Loading weights:  95%|ΓûêΓûêΓûêΓûêΓûêΓûêΓûêΓûêΓûêΓûî| 98/103 [00:00<00:00, 
3504.10it/s, Materializing param=encoder.layer.5.output.LayerNorm.bias]    
Loading weights:  95%|ΓûêΓûêΓûêΓûêΓûêΓûêΓûêΓûêΓûêΓûî| 98/103 [00:00<00:00, 
3495.58it/s, Materializing param=encoder.layer.5.output.LayerNorm.bias]
Loading weights:  96%|ΓûêΓûêΓûêΓûêΓûêΓûêΓûêΓûêΓûêΓûî| 99/103 [00:00<00:00, 
3515.55it/s, Materializing param=encoder.layer.5.output.LayerNorm.weight]
Loading weights:  96%|ΓûêΓûêΓûêΓûêΓûêΓûêΓûêΓûêΓûêΓûî| 99/103 [00:00<00:00, 
3507.24it/s, Materializing param=encoder.layer.5.output.LayerNorm.weight]
Loading weights:  97%|ΓûêΓûêΓûêΓûêΓûêΓûêΓûêΓûêΓûêΓûï| 100/103 [00:00<00:00, 
3527.23it/s, Materializing param=encoder.layer.5.output.dense.bias]     
Loading weights:  97%|ΓûêΓûêΓûêΓûêΓûêΓûêΓûêΓûêΓûêΓûï| 100/103 [00:00<00:00, 
3519.18it/s, Materializing param=encoder.layer.5.output.dense.bias]
Loading weights:  98%|ΓûêΓûêΓûêΓûêΓûêΓûêΓûêΓûêΓûêΓûè| 101/103 [00:00<00:00, 
3538.70it/s, Materializing param=encoder.layer.5.output.dense.weight]
Loading weights:  98%|ΓûêΓûêΓûêΓûêΓûêΓûêΓûêΓûêΓûêΓûè| 101/103 [00:00<00:00, 
3530.24it/s, Materializing param=encoder.layer.5.output.dense.weight]
Loading weights:  99%|ΓûêΓûêΓûêΓûêΓûêΓûêΓûêΓûêΓûêΓûë| 102/103 [00:00<00:00, 
3549.95it/s, Materializing param=pooler.dense.bias]                  
Loading weights:  99%|ΓûêΓûêΓûêΓûêΓûêΓûêΓûêΓûêΓûêΓûë| 102/103 [00:00<00:00, 
3541.61it/s, Materializing param=pooler.dense.bias]
Loading weights: 100%|ΓûêΓûêΓûêΓûêΓûêΓûêΓûêΓûêΓûêΓûê| 103/103 [00:00<00:00, 
3561.44it/s, Materializing param=pooler.dense.weight]
Loading weights: 100%|ΓûêΓûêΓûêΓûêΓûêΓûêΓûêΓûêΓûêΓûê| 103/103 [00:00<00:00, 
3553.15it/s, Materializing param=pooler.dense.weight]
Loading weights: 100%|ΓûêΓûêΓûêΓûêΓûêΓûêΓûêΓûêΓûêΓûê| 103/103 [00:00<00:00, 
3534.60it/s, Materializing param=pooler.dense.weight]
[1mBertModel LOAD REPORT[0m from: sentence-transformers/all-MiniLM-L6-v2
Key                     | Status     |  | 
------------------------+------------+--+-
embeddings.position_ids | UNEXPECTED |  | 

[3mNotes:
- UNEXPECTED[3m	:can be ignored when loading from different 
task/architecture; not ok if you expect identical arch.[0m
2026-03-02 18:19:26.456 | SUCCESS  | 
docusense.embeddings.embedding_generator:__init__:159 - Γ£à Model loaded: 384 
dimensions
2026-03-02 18:19:26.457 | INFO     | 
docusense.vectorstore.qdrant_store:__init__:157 - Initializing 
QdrantVectorStore...
2026-03-02 18:19:26.457 | INFO     | 
docusense.vectorstore.qdrant_store:__init__:158 -   Collection: 
docusense_chunks
2026-03-02 18:19:26.457 | INFO     | 
docusense.vectorstore.qdrant_store:__init__:159 -   Mode: server
2026-03-02 18:19:26.457 | INFO     | 
docusense.vectorstore.qdrant_store:__init__:160 -   Embedding dim: 384
2026-03-02 18:19:26.457 | INFO     | 
docusense.vectorstore.qdrant_store:__init__:176 -   Storage: Remote server at 
https://56a85feb-7ddf-46fa-97fd-573e798e719b.europe-west3-0.gcp.cloud.qdrant.io
2026-03-02 18:19:27.677 | SUCCESS  | 
docusense.vectorstore.qdrant_store:__init__:185 - Γ£à Connected to Qdrant 
(server mode)
2026-03-02 18:19:28.211 | WARNING  | 
docusense.vectorstore.qdrant_store:create_collection:240 - Deleting existing 
collection: docusense_chunks
2026-03-02 18:19:28.415 | INFO     | 
docusense.vectorstore.qdrant_store:create_collection:247 - Creating 
collection: docusense_chunks
2026-03-02 18:19:28.415 | INFO     | 
docusense.vectorstore.qdrant_store:create_collection:248 -   Embedding 
dimension: 384
2026-03-02 18:19:28.415 | INFO     | 
docusense.vectorstore.qdrant_store:create_collection:249 -   Distance metric: 
Cosine
2026-03-02 18:19:28.674 | INFO     | 
docusense.vectorstore.qdrant_store:create_collection:261 - Creating payload 
indexes...
2026-03-02 18:19:29.794 | SUCCESS  | 
docusense.vectorstore.qdrant_store:create_collection:298 - Γ£à Collection 
'docusense_chunks' created with payload indexes
2026-03-02 18:19:29.977 | INFO     | 
docusense.vectorstore.qdrant_store:add_chunks:319 - Adding 5 chunks to 
Qdrant...
2026-03-02 18:19:29.977 | INFO     | 
docusense.embeddings.embedding_generator:embed_batch:217 - Generating 
embeddings for 5 texts...
≡ƒôè Collection Info:
  collection_name: docusense_chunks
  points_count: 0
  vectors_count: 0
  segments_count: 2
  status: green
  embedding_dimension: 384

Γ£à KEY INSIGHT:
  Qdrant collection created in disk mode (persistent storage)!

================================================================================
  TEST 4: Add Sample Chunks to Vector Store
================================================================================


Batches:   0%|          | 0/1 [00:00<?, ?it/s]
Batches: 100%|ΓûêΓûêΓûêΓûêΓûêΓûêΓûêΓûêΓûêΓûê| 1/1 [00:00<00:00, 22.05it/s]
2026-03-02 18:19:30.027 | SUCCESS  | 
docusense.embeddings.embedding_generator:embed_batch:227 - Γ£à Generated 5 
embeddings
2026-03-02 18:19:30.028 | INFO     | 
docusense.vectorstore.qdrant_store:add_chunks:359 - Upserting 5 points...
2026-03-02 18:19:30.386 | SUCCESS  | 
docusense.vectorstore.qdrant_store:add_chunks:367 - Γ£à Added 5 chunks to 
Qdrant
2026-03-02 18:19:30.567 | INFO     | 
docusense.vectorstore.qdrant_store:search:390 - Searching for: 'How do neural 
networks work?'
2026-03-02 18:19:30.761 | INFO     | 
docusense.vectorstore.qdrant_store:search:430 - Found 0 results
2026-03-02 18:19:30.762 | INFO     | 
docusense.vectorstore.qdrant_store:search:390 - Searching for: 'What is needed 
to train a model?'
2026-03-02 18:19:30.963 | INFO     | 
docusense.vectorstore.qdrant_store:search:430 - Found 0 results
2026-03-02 18:19:30.963 | INFO     | 
docusense.vectorstore.qdrant_store:search:390 - Searching for: 'Tell me about 
Python data structures'
2026-03-02 18:19:31.152 | INFO     | 
docusense.vectorstore.qdrant_store:search:430 - Found 0 results
2026-03-02 18:19:31.153 | INFO     | 
docusense.vectorstore.qdrant_store:search:390 - Searching for: 'machine 
learning'
2026-03-02 18:19:31.342 | INFO     | 
docusense.vectorstore.qdrant_store:search:430 - Found 0 results
2026-03-02 18:19:31.343 | INFO     | 
docusense.storage.chunk_store:__init__:133 - Initializing ChunkStorage at 
D:\My Stuff\LLM COURSE PROJECT\data\docusense.db
2026-03-02 18:19:31.348 | SUCCESS  | 
docusense.storage.chunk_store:__init__:142 - Γ£à Connected to database: D:\My 
Stuff\LLM COURSE PROJECT\data\docusense.db
2026-03-02 18:19:31.348 | INFO     | 
docusense.storage.chunk_store:create_schema:158 - Creating database schema...
2026-03-02 18:19:31.348 | SUCCESS  | 
docusense.storage.chunk_store:create_schema:237 - Γ£à Database schema created 
successfully
2026-03-02 18:19:31.349 | INFO     | 
docusense.storage.chunk_store:create_schema:243 - Tables: documents, 
sqlite_sequence, chunks, images
2026-03-02 18:19:31.351 | INFO     | 
docusense.vectorstore.qdrant_store:add_chunks:319 - Adding 3 chunks to 
Qdrant...
2026-03-02 18:19:31.351 | INFO     | 
docusense.embeddings.embedding_generator:embed_batch:217 - Generating 
embeddings for 3 texts...

≡ƒôè Successfully added 5 chunks to Qdrant

≡ƒôê Updated Collection Stats:
  Vectors: 5
  Points: 5

Γ£à KEY INSIGHT:
  Chunks converted to embeddings and stored in Qdrant!
  Each chunk is now searchable by semantic meaning.

================================================================================
  TEST 5: Semantic Search
================================================================================


≡ƒöì Query: 'How do neural networks work?'
--------------------------------------------------------------------------------

≡ƒöì Query: 'What is needed to train a model?'
--------------------------------------------------------------------------------

≡ƒöì Query: 'Tell me about Python data structures'
--------------------------------------------------------------------------------

Γ£à KEY INSIGHT:
  Semantic search finds chunks by MEANING, not just keywords!
  Query 'How do neural networks work?' matches 'Deep Learning' chunk
  Even though it doesn't contain exact words 'neural networks work'

================================================================================
  TEST 6: Metadata Filtering (Search Within Document)
================================================================================

≡ƒöì Query: 'machine learning'
≡ƒùé∩╕Å Filter: document_id = doc_ml_guide
--------------------------------------------------------------------------------

Γ£à KEY INSIGHT:
  Metadata filtering restricts search to specific documents!
  Useful for: 'Search within this PDF', 'Only Q4 reports', etc.

================================================================================
  TEST 7: Integration with Phase 1 (Load from Database)
================================================================================

≡ƒôè Phase 1 Database Stats:
  Documents: 3
  Chunks: 12

≡ƒôÑ Loading 3 chunks from document: readme.txt

Batches:   0%|          | 0/1 [00:00<?, ?it/s]
Batches: 100%|ΓûêΓûêΓûêΓûêΓûêΓûêΓûêΓûêΓûêΓûê| 1/1 [00:00<00:00, 14.66it/s]
2026-03-02 18:19:31.425 | SUCCESS  | 
docusense.embeddings.embedding_generator:embed_batch:227 - Γ£à Generated 3 
embeddings
2026-03-02 18:19:31.425 | INFO     | 
docusense.vectorstore.qdrant_store:add_chunks:359 - Upserting 3 points...
2026-03-02 18:19:31.607 | SUCCESS  | 
docusense.vectorstore.qdrant_store:add_chunks:367 - Γ£à Added 3 chunks to 
Qdrant
2026-03-02 18:19:31.607 | INFO     | 
docusense.vectorstore.qdrant_store:search:390 - Searching for: 'machine 
learning performance'
2026-03-02 18:19:31.800 | INFO     | 
docusense.vectorstore.qdrant_store:search:430 - Found 0 results
2026-03-02 18:19:31.800 | INFO     | docusense.storage.chunk_store:close:636 - 
Database connection closed
Γ£à Added 3 real chunks from Phase 1 to Qdrant

≡ƒöì Searching across ALL chunks...

≡ƒôè Found 0 results:

Γ£à KEY INSIGHT:
  Integrated Phase 1 (chunking) + Phase 2 (embeddings + search)!
  Real document chunks are now semantically searchable!

================================================================================
  TEST 8: Final Collection Stats
================================================================================

≡ƒôè Qdrant Collection Summary:
  Collection: docusense_chunks
  Total vectors: 8
  Total points: 8
  Embedding dimension: 384
  Status: green

≡ƒôü Qdrant data location: data/qdrant/
   (Persistent storage - survives restarts!)

================================================================================
  FINAL: Phase 2 Test Summary
================================================================================

Γ£à ALL TESTS PASSED!

≡ƒôè What we validated:
  1. Γ£à Embedding generation (single + batch)
  2. Γ£à Model loading (sentence-transformers)
  3. Γ£à Qdrant collection creation (disk mode)
  4. Γ£à Adding chunks with embeddings
  5. Γ£à Semantic search (meaning-based retrieval)
  6. Γ£à Metadata filtering (search within constraints)
  7. Γ£à Integration with Phase 1 (real chunks)
  8. Γ£à Persistent storage (Qdrant disk mode)

≡ƒÄë PHASE 2 COMPLETE!
   Γ£à Embeddings: sentence-transformers (all-MiniLM-L6-v2)
   Γ£à Vector Store: Qdrant (disk mode)
   Γ£à Semantic Search: Working perfectly!

≡ƒÜÇ NEXT: Phase 3 - Query Processing & Retrieval
   - Query rewriting (Gemini API)
   - Hybrid search (vector + BM25)
   - Reranking (cross-encoder)
